2026-07-30 21:06:58,604 - INFO - ═══════════════════════════════════════════════════════
2026-07-30 21:06:58,605 - INFO -   Phase 8: Adaptive MCMC + Multi-Surface Bayesian Model Comparison
2026-07-30 21:06:58,605 - INFO - ═══════════════════════════════════════════════════════
2026-07-30 21:06:58,606 - INFO - Loaded 12 DESI DR1 BAO data points from /home/xavkal/xdev/SocrateAI-Scientific-AutoEvolve-K3*T2/scripts/../data/desi_dr1/desi_2024_gaussian_bao_ALL_GCcomb_mean.txt
2026-07-30 21:06:58,611 - INFO - Loaded 12×12 DESI covariance matrix from /home/xavkal/xdev/SocrateAI-Scientific-AutoEvolve-K3*T2/scripts/../data/desi_dr1/desi_2024_gaussian_bao_ALL_GCcomb_cov.txt (log|C| = -23.4796)
2026-07-30 21:06:58,622 - INFO - Loaded Phase 7 empirical covariance from 4 chains (6400 samples)
2026-07-30 21:06:58,624 - INFO - 
============================================================
2026-07-30 21:06:58,624 - INFO -   Running MCMC for: Cooper_s10 (P=19, λ₁=3.0)
2026-07-30 21:06:58,624 - INFO - ============================================================
2026-07-30 21:06:58,625 - INFO -   Seeding proposal with Phase 7 empirical covariance (Directive 8-1)
2026-07-30 21:06:58,626 - INFO - ═══════════════════════════════════════════════════════
  Multi-Node MCMC Coordinator
  Candidate:    cooper_s10_deterministic
  Chains:       4
  Steps/chain:  8000
  Burn-in:      1500
  Thin factor:  4
  R̂ threshold:  1.1
  Workers:      1
═══════════════════════════════════════════════════════
2026-07-30 21:06:58,626 - INFO - ━━━ Convergence Iteration 1/3 ━━━
2026-07-30 21:06:58,634 - INFO - Chain 0: Starting 8000 steps (burn-in=1500, thin=4)
2026-07-30 21:07:03,541 - INFO - Chain 0: Step 800/8000 | acceptance=0.330 | log_post=14.0853
2026-07-30 21:07:07,721 - INFO - Chain 0: Step 1600/8000 | acceptance=0.219 | log_post=14.1538
2026-07-30 21:07:10,649 - INFO - Chain 0: Step 2400/8000 | acceptance=0.168 | log_post=14.1408
2026-07-30 21:07:13,579 - INFO - Chain 0: Step 3200/8000 | acceptance=0.143 | log_post=15.1137
2026-07-30 21:07:16,278 - INFO - Chain 0: Step 4000/8000 | acceptance=0.120 | log_post=15.3555
2026-07-30 21:07:19,339 - INFO - Chain 0: Step 4800/8000 | acceptance=0.107 | log_post=15.8027
2026-07-30 21:07:21,803 - INFO - Chain 0: Step 5600/8000 | acceptance=0.099 | log_post=13.4396
2026-07-30 21:07:23,653 - INFO - Chain 0: Step 6400/8000 | acceptance=0.091 | log_post=14.3188
2026-07-30 21:07:25,518 - INFO - Chain 0: Step 7200/8000 | acceptance=0.084 | log_post=14.0774
2026-07-30 21:07:27,854 - INFO - Chain 0: Step 8000/8000 | acceptance=0.080 | log_post=15.7004
2026-07-30 21:07:27,854 - INFO - Chain 0: Complete. Acceptance=0.080, Kept 1625 samples
2026-07-30 21:07:27,863 - INFO - Chain 1: Starting 8000 steps (burn-in=1500, thin=4)
2026-07-30 21:07:32,796 - INFO - Chain 1: Step 800/8000 | acceptance=0.338 | log_post=14.0091
2026-07-30 21:07:36,117 - INFO - Chain 1: Step 1600/8000 | acceptance=0.228 | log_post=15.8673
2026-07-30 21:07:39,565 - INFO - Chain 1: Step 2400/8000 | acceptance=0.179 | log_post=14.9424
2026-07-30 21:07:42,461 - INFO - Chain 1: Step 3200/8000 | acceptance=0.154 | log_post=13.4347
2026-07-30 21:07:44,929 - INFO - Chain 1: Step 4000/8000 | acceptance=0.135 | log_post=14.6436
2026-07-30 21:07:47,523 - INFO - Chain 1: Step 4800/8000 | acceptance=0.122 | log_post=15.4856
2026-07-30 21:07:50,155 - INFO - Chain 1: Step 5600/8000 | acceptance=0.113 | log_post=15.7546
2026-07-30 21:07:52,638 - INFO - Chain 1: Step 6400/8000 | acceptance=0.106 | log_post=15.7861
2026-07-30 21:07:55,117 - INFO - Chain 1: Step 7200/8000 | acceptance=0.099 | log_post=15.8339
2026-07-30 21:07:57,760 - INFO - Chain 1: Step 8000/8000 | acceptance=0.094 | log_post=15.6689
2026-07-30 21:07:57,760 - INFO - Chain 1: Complete. Acceptance=0.094, Kept 1625 samples
2026-07-30 21:07:57,768 - INFO - Chain 2: Starting 8000 steps (burn-in=1500, thin=4)
2026-07-30 21:08:02,903 - INFO - Chain 2: Step 800/8000 | acceptance=0.316 | log_post=13.9341
2026-07-30 21:08:07,124 - INFO - Chain 2: Step 1600/8000 | acceptance=0.195 | log_post=15.8086
2026-07-30 21:08:10,192 - INFO - Chain 2: Step 2400/8000 | acceptance=0.147 | log_post=15.5984
2026-07-30 21:08:13,423 - INFO - Chain 2: Step 3200/8000 | acceptance=0.130 | log_post=15.3816
2026-07-30 21:08:16,772 - INFO - Chain 2: Step 4000/8000 | acceptance=0.118 | log_post=15.6531
2026-07-30 21:08:20,074 - INFO - Chain 2: Step 4800/8000 | acceptance=0.111 | log_post=15.8336
2026-07-30 21:08:23,689 - INFO - Chain 2: Step 5600/8000 | acceptance=0.103 | log_post=15.4194
2026-07-30 21:08:26,607 - INFO - Chain 2: Step 6400/8000 | acceptance=0.097 | log_post=16.3141
2026-07-30 21:08:29,569 - INFO - Chain 2: Step 7200/8000 | acceptance=0.093 | log_post=14.1387
2026-07-30 21:08:31,662 - INFO - Chain 2: Step 8000/8000 | acceptance=0.088 | log_post=14.7395
2026-07-30 21:08:31,663 - INFO - Chain 2: Complete. Acceptance=0.088, Kept 1625 samples
2026-07-30 21:08:31,670 - INFO - Chain 3: Starting 8000 steps (burn-in=1500, thin=4)
2026-07-30 21:08:36,667 - INFO - Chain 3: Step 800/8000 | acceptance=0.349 | log_post=14.5943
2026-07-30 21:08:39,913 - INFO - Chain 3: Step 1600/8000 | acceptance=0.232 | log_post=15.8825
2026-07-30 21:08:42,508 - INFO - Chain 3: Step 2400/8000 | acceptance=0.175 | log_post=15.6678
2026-07-30 21:08:44,527 - INFO - Chain 3: Step 3200/8000 | acceptance=0.141 | log_post=15.3137
2026-07-30 21:08:46,899 - INFO - Chain 3: Step 4000/8000 | acceptance=0.126 | log_post=15.9517
2026-07-30 21:08:49,731 - INFO - Chain 3: Step 4800/8000 | acceptance=0.111 | log_post=14.7979
2026-07-30 21:08:52,387 - INFO - Chain 3: Step 5600/8000 | acceptance=0.103 | log_post=15.3356
2026-07-30 21:08:54,695 - INFO - Chain 3: Step 6400/8000 | acceptance=0.095 | log_post=15.4201
2026-07-30 21:08:57,264 - INFO - Chain 3: Step 7200/8000 | acceptance=0.092 | log_post=16.2661
2026-07-30 21:09:00,075 - INFO - Chain 3: Step 8000/8000 | acceptance=0.088 | log_post=14.6906
2026-07-30 21:09:00,076 - INFO - Chain 3: Complete. Acceptance=0.088, Kept 1625 samples
2026-07-30 21:09:00,092 - INFO - Saved 4 chain checkpoints to outputs/mcmc/chains_s10 (iteration 1)
2026-07-30 21:09:00,092 - INFO - Running convergence diagnostics on 4 chains...
2026-07-30 21:09:00,126 - INFO - Convergence: ✅ PASSED
2026-07-30 21:09:00,126 - INFO -   t2_modulus_tau: R̂=1.0369, n_eff=170
2026-07-30 21:09:00,126 - INFO -   cs_1: R̂=1.0206, n_eff=206
2026-07-30 21:09:00,127 - INFO -   cs_2: R̂=1.0556, n_eff=184
2026-07-30 21:09:00,127 - INFO -   cs_3: R̂=1.0360, n_eff=174
2026-07-30 21:09:00,127 - INFO -   picard_offset: R̂=1.0170, n_eff=289
2026-07-30 21:09:00,128 - INFO - ╔══════════════════════════════════════════════════════════════╗
║               MCMC Convergence Diagnostics                  ║
╠══════════════════════════════════════════════════════════════╣
║ ✅ t2_modulus_tau     R̂=1.0369  n_eff=    170  τ_int=  46.6  Geweke_z= +4.97 ║
║ ✅ cs_1               R̂=1.0206  n_eff=    206  τ_int=  34.9  Geweke_z= +4.18 ║
║ ✅ cs_2               R̂=1.0556  n_eff=    184  τ_int=  35.5  Geweke_z= +3.97 ║
║ ✅ cs_3               R̂=1.0360  n_eff=    174  τ_int=  43.1  Geweke_z= +3.21 ║
║ ✅ picard_offset      R̂=1.0170  n_eff=    289  τ_int=  22.8  Geweke_z= +6.70 ║
╠══════════════════════════════════════════════════════════════╣
║ Overall: ✅ CONVERGED                                        ║
╚══════════════════════════════════════════════════════════════╝
2026-07-30 21:09:00,128 - INFO - ✅ Convergence achieved at iteration 1. Finalizing results.
2026-07-30 21:09:00,130 - INFO -   t2_modulus_tau: mean=0.54644 ± 0.24781  68% HPD=[0.32383, 0.69445]  95% HPD=[0.15076, 1.16290]
2026-07-30 21:09:00,131 - INFO -   cs_1: mean=0.02347 ± 1.75829  68% HPD=[-1.23332, 2.76749]  95% HPD=[-2.79005, 2.78121]
2026-07-30 21:09:00,133 - INFO -   cs_2: mean=0.13866 ± 1.64801  68% HPD=[-1.53222, 2.13730]  95% HPD=[-2.83815, 2.66556]
2026-07-30 21:09:00,134 - INFO -   cs_3: mean=-0.13603 ± 1.74717  68% HPD=[-2.84032, 1.02933]  95% HPD=[-2.88827, 2.77090]
2026-07-30 21:09:00,135 - INFO -   picard_offset: mean=1.00715 ± 1.10718  68% HPD=[-0.43192, 2.01288]  95% HPD=[-0.72322, 2.98594]
2026-07-30 21:09:00,138 - INFO - Posterior summary saved to outputs/mcmc/posterior_s10.json
2026-07-30 21:09:00,139 - INFO -   Cooper_s10: log Z = 14.58, best χ² = -32.7922
2026-07-30 21:09:00,140 - INFO - 
============================================================
2026-07-30 21:09:00,140 - INFO -   Running MCMC for: Cooper_s7 (P=16, λ₁=16.0)
2026-07-30 21:09:00,140 - INFO - ============================================================
2026-07-30 21:09:00,141 - INFO -   Seeding proposal with Phase 7 empirical covariance (Directive 8-1)
2026-07-30 21:09:00,141 - INFO - ═══════════════════════════════════════════════════════
  Multi-Node MCMC Coordinator
  Candidate:    cooper_s7_deterministic
  Chains:       4
  Steps/chain:  8000
  Burn-in:      1500
  Thin factor:  4
  R̂ threshold:  1.1
  Workers:      1
═══════════════════════════════════════════════════════
2026-07-30 21:09:00,141 - INFO - ━━━ Convergence Iteration 1/3 ━━━
2026-07-30 21:09:00,149 - INFO - Chain 0: Starting 8000 steps (burn-in=1500, thin=4)
2026-07-30 21:09:05,024 - INFO - Chain 0: Step 800/8000 | acceptance=0.375 | log_post=15.9965
2026-07-30 21:09:09,427 - INFO - Chain 0: Step 1600/8000 | acceptance=0.258 | log_post=13.9465
2026-07-30 21:09:12,321 - INFO - Chain 0: Step 2400/8000 | acceptance=0.197 | log_post=15.5343
2026-07-30 21:09:15,424 - INFO - Chain 0: Step 3200/8000 | acceptance=0.165 | log_post=14.8718
2026-07-30 21:09:18,475 - INFO - Chain 0: Step 4000/8000 | acceptance=0.141 | log_post=15.8064
2026-07-30 21:09:21,067 - INFO - Chain 0: Step 4800/8000 | acceptance=0.127 | log_post=15.0574
2026-07-30 21:09:23,664 - INFO - Chain 0: Step 5600/8000 | acceptance=0.115 | log_post=16.1015
2026-07-30 21:09:26,445 - INFO - Chain 0: Step 6400/8000 | acceptance=0.107 | log_post=11.5070
2026-07-30 21:09:29,676 - INFO - Chain 0: Step 7200/8000 | acceptance=0.102 | log_post=12.0805
2026-07-30 21:09:32,064 - INFO - Chain 0: Step 8000/8000 | acceptance=0.098 | log_post=15.0124
2026-07-30 21:09:32,064 - INFO - Chain 0: Complete. Acceptance=0.098, Kept 1625 samples
2026-07-30 21:09:32,076 - INFO - Chain 1: Starting 8000 steps (burn-in=1500, thin=4)
2026-07-30 21:09:36,431 - INFO - Chain 1: Step 800/8000 | acceptance=0.282 | log_post=16.1177
2026-07-30 21:09:39,893 - INFO - Chain 1: Step 1600/8000 | acceptance=0.177 | log_post=14.4852
2026-07-30 21:09:42,250 - INFO - Chain 1: Step 2400/8000 | acceptance=0.135 | log_post=15.2653
2026-07-30 21:09:44,747 - INFO - Chain 1: Step 3200/8000 | acceptance=0.108 | log_post=15.4442
2026-07-30 21:09:46,895 - INFO - Chain 1: Step 4000/8000 | acceptance=0.092 | log_post=14.5587
2026-07-30 21:09:49,152 - INFO - Chain 1: Step 4800/8000 | acceptance=0.084 | log_post=15.4156
2026-07-30 21:09:52,225 - INFO - Chain 1: Step 5600/8000 | acceptance=0.077 | log_post=15.9973
2026-07-30 21:09:54,895 - INFO - Chain 1: Step 6400/8000 | acceptance=0.071 | log_post=15.3830
2026-07-30 21:09:57,767 - INFO - Chain 1: Step 7200/8000 | acceptance=0.068 | log_post=15.6517
2026-07-30 21:10:00,760 - INFO - Chain 1: Step 8000/8000 | acceptance=0.066 | log_post=14.1854
2026-07-30 21:10:00,760 - INFO - Chain 1: Complete. Acceptance=0.066, Kept 1625 samples
2026-07-30 21:10:00,767 - INFO - Chain 2: Starting 8000 steps (burn-in=1500, thin=4)
2026-07-30 21:10:06,585 - INFO - Chain 2: Step 800/8000 | acceptance=0.319 | log_post=14.9433
2026-07-30 21:10:10,322 - INFO - Chain 2: Step 1600/8000 | acceptance=0.174 | log_post=14.1241
2026-07-30 21:10:13,246 - INFO - Chain 2: Step 2400/8000 | acceptance=0.126 | log_post=16.0861
2026-07-30 21:10:16,326 - INFO - Chain 2: Step 3200/8000 | acceptance=0.100 | log_post=16.1343
2026-07-30 21:10:19,295 - INFO - Chain 2: Step 4000/8000 | acceptance=0.087 | log_post=15.7228
2026-07-30 21:10:22,117 - INFO - Chain 2: Step 4800/8000 | acceptance=0.078 | log_post=13.7639
2026-07-30 21:10:24,641 - INFO - Chain 2: Step 5600/8000 | acceptance=0.068 | log_post=16.3127
2026-07-30 21:10:26,949 - INFO - Chain 2: Step 6400/8000 | acceptance=0.064 | log_post=14.3897
2026-07-30 21:10:28,839 - INFO - Chain 2: Step 7200/8000 | acceptance=0.059 | log_post=15.2695
2026-07-30 21:10:30,582 - INFO - Chain 2: Step 8000/8000 | acceptance=0.056 | log_post=15.6491
2026-07-30 21:10:30,583 - INFO - Chain 2: Complete. Acceptance=0.056, Kept 1625 samples
2026-07-30 21:10:30,591 - INFO - Chain 3: Starting 8000 steps (burn-in=1500, thin=4)
2026-07-30 21:10:35,032 - INFO - Chain 3: Step 800/8000 | acceptance=0.249 | log_post=15.6332
2026-07-30 21:10:38,551 - INFO - Chain 3: Step 1600/8000 | acceptance=0.143 | log_post=15.5144
2026-07-30 21:10:41,719 - INFO - Chain 3: Step 2400/8000 | acceptance=0.106 | log_post=13.9383
2026-07-30 21:10:44,767 - INFO - Chain 3: Step 3200/8000 | acceptance=0.094 | log_post=11.4356
2026-07-30 21:10:47,117 - INFO - Chain 3: Step 4000/8000 | acceptance=0.081 | log_post=16.2509
2026-07-30 21:10:50,113 - INFO - Chain 3: Step 4800/8000 | acceptance=0.074 | log_post=15.2573
2026-07-30 21:10:52,806 - INFO - Chain 3: Step 5600/8000 | acceptance=0.070 | log_post=15.8636
2026-07-30 21:10:55,192 - INFO - Chain 3: Step 6400/8000 | acceptance=0.065 | log_post=14.6359
2026-07-30 21:10:57,981 - INFO - Chain 3: Step 7200/8000 | acceptance=0.062 | log_post=14.5316
2026-07-30 21:11:00,703 - INFO - Chain 3: Step 8000/8000 | acceptance=0.059 | log_post=15.3503
2026-07-30 21:11:00,703 - INFO - Chain 3: Complete. Acceptance=0.059, Kept 1625 samples
2026-07-30 21:11:00,720 - INFO - Saved 4 chain checkpoints to outputs/mcmc/chains_s7 (iteration 1)
2026-07-30 21:11:00,721 - INFO - Running convergence diagnostics on 4 chains...
2026-07-30 21:11:00,759 - INFO - Convergence: ❌ FAILED
2026-07-30 21:11:00,760 - INFO -   t2_modulus_tau: R̂=1.0611, n_eff=152
2026-07-30 21:11:00,760 - INFO -   cs_1: R̂=1.1235, n_eff=108
2026-07-30 21:11:00,761 - INFO -   cs_2: R̂=1.0488, n_eff=136
2026-07-30 21:11:00,761 - INFO -   cs_3: R̂=1.0432, n_eff=115
2026-07-30 21:11:00,761 - INFO -   picard_offset: R̂=1.0119, n_eff=236
2026-07-30 21:11:00,761 - INFO - ╔══════════════════════════════════════════════════════════════╗
║               MCMC Convergence Diagnostics                  ║
╠══════════════════════════════════════════════════════════════╣
║ ✅ t2_modulus_tau     R̂=1.0611  n_eff=    152  τ_int=  62.6  Geweke_z= +7.04 ║
║ ❌ cs_1               R̂=1.1235  n_eff=    108  τ_int=  82.8  Geweke_z=+13.53 ║
║ ✅ cs_2               R̂=1.0488  n_eff=    136  τ_int=  68.9  Geweke_z=+13.76 ║
║ ✅ cs_3               R̂=1.0432  n_eff=    115  τ_int=  61.3  Geweke_z= +7.07 ║
║ ✅ picard_offset      R̂=1.0119  n_eff=    236  τ_int=  27.6  Geweke_z= +5.78 ║
╠══════════════════════════════════════════════════════════════╣
║ Overall: ❌ NOT CONVERGED                                    ║
╚══════════════════════════════════════════════════════════════╝
2026-07-30 21:11:00,762 - WARNING - ❌ R̂ not converged at iteration 1. Extending chain length by 50%.
2026-07-30 21:11:00,762 - INFO - ━━━ Convergence Iteration 2/3 ━━━
2026-07-30 21:11:00,770 - INFO - Chain 0: Starting 12000 steps (burn-in=2250, thin=4)
2026-07-30 21:11:06,445 - INFO - Chain 0: Step 1200/12000 | acceptance=0.218 | log_post=16.0830
2026-07-30 21:11:10,684 - INFO - Chain 0: Step 2400/12000 | acceptance=0.138 | log_post=8.6195
2026-07-30 21:11:14,964 - INFO - Chain 0: Step 3600/12000 | acceptance=0.109 | log_post=15.3067
2026-07-30 21:11:17,890 - INFO - Chain 0: Step 4800/12000 | acceptance=0.092 | log_post=15.0843
2026-07-30 21:11:21,485 - INFO - Chain 0: Step 6000/12000 | acceptance=0.081 | log_post=16.2938
2026-07-30 21:11:25,080 - INFO - Chain 0: Step 7200/12000 | acceptance=0.073 | log_post=16.0029
2026-07-30 21:11:29,214 - INFO - Chain 0: Step 8400/12000 | acceptance=0.067 | log_post=12.3004
2026-07-30 21:11:32,784 - INFO - Chain 0: Step 9600/12000 | acceptance=0.063 | log_post=11.9753
2026-07-30 21:11:36,705 - INFO - Chain 0: Step 10800/12000 | acceptance=0.060 | log_post=15.7862
2026-07-30 21:11:40,385 - INFO - Chain 0: Step 12000/12000 | acceptance=0.056 | log_post=16.3570
2026-07-30 21:11:40,385 - INFO - Chain 0: Complete. Acceptance=0.056, Kept 2438 samples
2026-07-30 21:11:40,394 - INFO - Chain 1: Starting 12000 steps (burn-in=2250, thin=4)
2026-07-30 21:11:47,047 - INFO - Chain 1: Step 1200/12000 | acceptance=0.166 | log_post=13.6192
2026-07-30 21:11:52,274 - INFO - Chain 1: Step 2400/12000 | acceptance=0.105 | log_post=16.0689
2026-07-30 21:11:56,261 - INFO - Chain 1: Step 3600/12000 | acceptance=0.082 | log_post=16.1713
2026-07-30 21:11:59,734 - INFO - Chain 1: Step 4800/12000 | acceptance=0.073 | log_post=16.3844
2026-07-30 21:12:03,311 - INFO - Chain 1: Step 6000/12000 | acceptance=0.065 | log_post=15.6013
2026-07-30 21:12:07,220 - INFO - Chain 1: Step 7200/12000 | acceptance=0.061 | log_post=16.1479
2026-07-30 21:12:10,449 - INFO - Chain 1: Step 8400/12000 | acceptance=0.058 | log_post=14.2368
2026-07-30 21:12:14,081 - INFO - Chain 1: Step 9600/12000 | acceptance=0.055 | log_post=15.7253
2026-07-30 21:12:17,786 - INFO - Chain 1: Step 10800/12000 | acceptance=0.054 | log_post=14.7147
2026-07-30 21:12:21,878 - INFO - Chain 1: Step 12000/12000 | acceptance=0.053 | log_post=14.7238
2026-07-30 21:12:21,878 - INFO - Chain 1: Complete. Acceptance=0.053, Kept 2438 samples
2026-07-30 21:12:21,885 - INFO - Chain 2: Starting 12000 steps (burn-in=2250, thin=4)
2026-07-30 21:12:28,144 - INFO - Chain 2: Step 1200/12000 | acceptance=0.215 | log_post=14.5080
2026-07-30 21:12:32,424 - INFO - Chain 2: Step 2400/12000 | acceptance=0.138 | log_post=15.6745
2026-07-30 21:12:35,943 - INFO - Chain 2: Step 3600/12000 | acceptance=0.103 | log_post=14.9458
2026-07-30 21:12:39,446 - INFO - Chain 2: Step 4800/12000 | acceptance=0.088 | log_post=14.5483
2026-07-30 21:12:42,744 - INFO - Chain 2: Step 6000/12000 | acceptance=0.079 | log_post=16.2793
2026-07-30 21:12:46,133 - INFO - Chain 2: Step 7200/12000 | acceptance=0.072 | log_post=15.9718
2026-07-30 21:12:49,034 - INFO - Chain 2: Step 8400/12000 | acceptance=0.067 | log_post=14.3827
2026-07-30 21:12:52,672 - INFO - Chain 2: Step 9600/12000 | acceptance=0.063 | log_post=12.3943
2026-07-30 21:12:55,970 - INFO - Chain 2: Step 10800/12000 | acceptance=0.059 | log_post=15.4829
2026-07-30 21:12:58,883 - INFO - Chain 2: Step 12000/12000 | acceptance=0.057 | log_post=16.2708
2026-07-30 21:12:58,883 - INFO - Chain 2: Complete. Acceptance=0.057, Kept 2438 samples
2026-07-30 21:12:58,890 - INFO - Chain 3: Starting 12000 steps (burn-in=2250, thin=4)
2026-07-30 21:13:05,052 - INFO - Chain 3: Step 1200/12000 | acceptance=0.177 | log_post=12.1588
2026-07-30 21:13:09,368 - INFO - Chain 3: Step 2400/12000 | acceptance=0.107 | log_post=13.6257
2026-07-30 21:13:13,782 - INFO - Chain 3: Step 3600/12000 | acceptance=0.085 | log_post=16.1095
2026-07-30 21:13:17,897 - INFO - Chain 3: Step 4800/12000 | acceptance=0.076 | log_post=13.8636
2026-07-30 21:13:21,460 - INFO - Chain 3: Step 6000/12000 | acceptance=0.070 | log_post=13.6129
2026-07-30 21:13:24,915 - INFO - Chain 3: Step 7200/12000 | acceptance=0.065 | log_post=15.9088
2026-07-30 21:13:28,401 - INFO - Chain 3: Step 8400/12000 | acceptance=0.062 | log_post=14.4550
2026-07-30 21:13:31,590 - INFO - Chain 3: Step 9600/12000 | acceptance=0.057 | log_post=16.2746
2026-07-30 21:13:35,458 - INFO - Chain 3: Step 10800/12000 | acceptance=0.055 | log_post=14.6168
2026-07-30 21:13:39,314 - INFO - Chain 3: Step 12000/12000 | acceptance=0.054 | log_post=15.3181
2026-07-30 21:13:39,314 - INFO - Chain 3: Complete. Acceptance=0.054, Kept 2438 samples
2026-07-30 21:13:39,333 - INFO - Saved 4 chain checkpoints to outputs/mcmc/chains_s7 (iteration 2)
2026-07-30 21:13:39,333 - INFO - Running convergence diagnostics on 4 chains...
2026-07-30 21:13:39,391 - INFO - Convergence: ✅ PASSED
2026-07-30 21:13:39,391 - INFO -   t2_modulus_tau: R̂=1.0187, n_eff=216
2026-07-30 21:13:39,392 - INFO -   cs_1: R̂=1.0231, n_eff=272
2026-07-30 21:13:39,392 - INFO -   cs_2: R̂=1.0323, n_eff=265
2026-07-30 21:13:39,392 - INFO -   cs_3: R̂=1.0241, n_eff=225
2026-07-30 21:13:39,392 - INFO -   picard_offset: R̂=1.0087, n_eff=340
2026-07-30 21:13:39,393 - INFO - ╔══════════════════════════════════════════════════════════════╗
║               MCMC Convergence Diagnostics                  ║
╠══════════════════════════════════════════════════════════════╣
║ ✅ t2_modulus_tau     R̂=1.0187  n_eff=    216  τ_int=  45.9  Geweke_z= +4.69 ║
║ ✅ cs_1               R̂=1.0231  n_eff=    272  τ_int=  35.8  Geweke_z= +4.44 ║
║ ✅ cs_2               R̂=1.0323  n_eff=    265  τ_int=  33.5  Geweke_z= +6.60 ║
║ ✅ cs_3               R̂=1.0241  n_eff=    225  τ_int=  49.1  Geweke_z= +4.39 ║
║ ✅ picard_offset      R̂=1.0087  n_eff=    340  τ_int=  29.7  Geweke_z= +4.59 ║
╠══════════════════════════════════════════════════════════════╣
║ Overall: ✅ CONVERGED                                        ║
╚══════════════════════════════════════════════════════════════╝
2026-07-30 21:13:39,393 - INFO - ✅ Convergence achieved at iteration 2. Finalizing results.
2026-07-30 21:13:39,397 - INFO -   t2_modulus_tau: mean=0.64959 ± 0.31340  68% HPD=[0.29270, 0.78169]  95% HPD=[0.14256, 1.37266]
2026-07-30 21:13:39,399 - INFO -   cs_1: mean=-0.05951 ± 1.52312  68% HPD=[-2.32389, 1.09892]  95% HPD=[-2.91903, 2.43076]
2026-07-30 21:13:39,401 - INFO -   cs_2: mean=-0.01067 ± 1.64156  68% HPD=[-1.77162, 1.92286]  95% HPD=[-2.70868, 2.81022]
2026-07-30 21:13:39,403 - INFO -   cs_3: mean=-0.05790 ± 1.60188  68% HPD=[-2.41878, 1.17878]  95% HPD=[-2.83233, 2.56428]
2026-07-30 21:13:39,405 - INFO -   picard_offset: mean=2.56982 ± 0.38222  68% HPD=[2.54022, 2.97971]  95% HPD=[1.69366, 2.99700]
2026-07-30 21:13:39,410 - INFO - Posterior summary saved to outputs/mcmc/posterior_s7.json
2026-07-30 21:13:39,411 - INFO -   Cooper_s7: log Z = 10.36, best χ² = -32.7887
2026-07-30 21:13:39,413 - INFO - 
============================================================
2026-07-30 21:13:39,413 - INFO -   Running MCMC for: Cooper_s18 (P=20, λ₁=54.0)
2026-07-30 21:13:39,413 - INFO - ============================================================
2026-07-30 21:13:39,414 - INFO -   Seeding proposal with Phase 7 empirical covariance (Directive 8-1)
2026-07-30 21:13:39,414 - INFO - ═══════════════════════════════════════════════════════
  Multi-Node MCMC Coordinator
  Candidate:    cooper_s18_deterministic
  Chains:       4
  Steps/chain:  8000
  Burn-in:      1500
  Thin factor:  4
  R̂ threshold:  1.1
  Workers:      1
═══════════════════════════════════════════════════════
2026-07-30 21:13:39,415 - INFO - ━━━ Convergence Iteration 1/3 ━━━
2026-07-30 21:13:39,426 - INFO - Chain 0: Starting 8000 steps (burn-in=1500, thin=4)
2026-07-30 21:13:44,365 - INFO - Chain 0: Step 800/8000 | acceptance=0.334 | log_post=16.1323
2026-07-30 21:13:47,436 - INFO - Chain 0: Step 1600/8000 | acceptance=0.212 | log_post=16.1813
2026-07-30 21:13:50,360 - INFO - Chain 0: Step 2400/8000 | acceptance=0.164 | log_post=15.9183
2026-07-30 21:13:53,259 - INFO - Chain 0: Step 3200/8000 | acceptance=0.135 | log_post=15.7023
2026-07-30 21:13:55,847 - INFO - Chain 0: Step 4000/8000 | acceptance=0.121 | log_post=15.6968
2026-07-30 21:13:58,398 - INFO - Chain 0: Step 4800/8000 | acceptance=0.111 | log_post=15.0694
2026-07-30 21:14:01,042 - INFO - Chain 0: Step 5600/8000 | acceptance=0.104 | log_post=15.3956
2026-07-30 21:14:03,831 - INFO - Chain 0: Step 6400/8000 | acceptance=0.100 | log_post=15.9257
2026-07-30 21:14:06,146 - INFO - Chain 0: Step 7200/8000 | acceptance=0.093 | log_post=15.0436
2026-07-30 21:14:08,826 - INFO - Chain 0: Step 8000/8000 | acceptance=0.088 | log_post=15.9660
2026-07-30 21:14:08,826 - INFO - Chain 0: Complete. Acceptance=0.088, Kept 1625 samples
2026-07-30 21:14:08,833 - INFO - Chain 1: Starting 8000 steps (burn-in=1500, thin=4)
2026-07-30 21:14:13,531 - INFO - Chain 1: Step 800/8000 | acceptance=0.395 | log_post=15.8197
2026-07-30 21:14:17,083 - INFO - Chain 1: Step 1600/8000 | acceptance=0.244 | log_post=15.2465
2026-07-30 21:14:19,962 - INFO - Chain 1: Step 2400/8000 | acceptance=0.190 | log_post=15.7907
2026-07-30 21:14:22,681 - INFO - Chain 1: Step 3200/8000 | acceptance=0.157 | log_post=13.1481
2026-07-30 21:14:24,531 - INFO - Chain 1: Step 4000/8000 | acceptance=0.132 | log_post=13.5153
2026-07-30 21:14:26,241 - INFO - Chain 1: Step 4800/8000 | acceptance=0.114 | log_post=15.5843
2026-07-30 21:14:28,174 - INFO - Chain 1: Step 5600/8000 | acceptance=0.104 | log_post=15.8659
2026-07-30 21:14:30,090 - INFO - Chain 1: Step 6400/8000 | acceptance=0.095 | log_post=15.5390
2026-07-30 21:14:31,757 - INFO - Chain 1: Step 7200/8000 | acceptance=0.088 | log_post=15.9155
2026-07-30 21:14:33,548 - INFO - Chain 1: Step 8000/8000 | acceptance=0.082 | log_post=15.9636
2026-07-30 21:14:33,549 - INFO - Chain 1: Complete. Acceptance=0.082, Kept 1625 samples
2026-07-30 21:14:33,557 - INFO - Chain 2: Starting 8000 steps (burn-in=1500, thin=4)
2026-07-30 21:14:36,945 - INFO - Chain 2: Step 800/8000 | acceptance=0.260 | log_post=12.3239
2026-07-30 21:14:39,894 - INFO - Chain 2: Step 1600/8000 | acceptance=0.164 | log_post=15.7949
2026-07-30 21:14:42,432 - INFO - Chain 2: Step 2400/8000 | acceptance=0.128 | log_post=14.3691
2026-07-30 21:14:44,581 - INFO - Chain 2: Step 3200/8000 | acceptance=0.108 | log_post=13.2441
2026-07-30 21:14:47,104 - INFO - Chain 2: Step 4000/8000 | acceptance=0.097 | log_post=13.2346
2026-07-30 21:14:49,187 - INFO - Chain 2: Step 4800/8000 | acceptance=0.086 | log_post=15.7278
2026-07-30 21:14:51,469 - INFO - Chain 2: Step 5600/8000 | acceptance=0.078 | log_post=15.8667
2026-07-30 21:14:53,459 - INFO - Chain 2: Step 6400/8000 | acceptance=0.073 | log_post=14.0643
2026-07-30 21:14:55,583 - INFO - Chain 2: Step 7200/8000 | acceptance=0.069 | log_post=15.8300
2026-07-30 21:14:57,065 - INFO - Chain 2: Step 8000/8000 | acceptance=0.063 | log_post=16.3937
2026-07-30 21:14:57,066 - INFO - Chain 2: Complete. Acceptance=0.063, Kept 1625 samples
2026-07-30 21:14:57,075 - INFO - Chain 3: Starting 8000 steps (burn-in=1500, thin=4)
2026-07-30 21:15:01,490 - INFO - Chain 3: Step 800/8000 | acceptance=0.385 | log_post=13.5652
2026-07-30 21:15:05,243 - INFO - Chain 3: Step 1600/8000 | acceptance=0.244 | log_post=13.9474
2026-07-30 21:15:08,907 - INFO - Chain 3: Step 2400/8000 | acceptance=0.193 | log_post=13.9968
2026-07-30 21:15:11,894 - INFO - Chain 3: Step 3200/8000 | acceptance=0.163 | log_post=15.9653
2026-07-30 21:15:14,328 - INFO - Chain 3: Step 4000/8000 | acceptance=0.142 | log_post=15.9331
2026-07-30 21:15:16,773 - INFO - Chain 3: Step 4800/8000 | acceptance=0.126 | log_post=14.3238
2026-07-30 21:15:18,736 - INFO - Chain 3: Step 5600/8000 | acceptance=0.113 | log_post=14.6567
2026-07-30 21:15:21,178 - INFO - Chain 3: Step 6400/8000 | acceptance=0.104 | log_post=15.6795
2026-07-30 21:15:23,562 - INFO - Chain 3: Step 7200/8000 | acceptance=0.096 | log_post=15.9043
2026-07-30 21:15:25,824 - INFO - Chain 3: Step 8000/8000 | acceptance=0.092 | log_post=14.9720
2026-07-30 21:15:25,824 - INFO - Chain 3: Complete. Acceptance=0.092, Kept 1625 samples
2026-07-30 21:15:25,839 - INFO - Saved 4 chain checkpoints to outputs/mcmc/chains_s18 (iteration 1)
2026-07-30 21:15:25,839 - INFO - Running convergence diagnostics on 4 chains...
2026-07-30 21:15:25,871 - INFO - Convergence: ✅ PASSED
2026-07-30 21:15:25,871 - INFO -   t2_modulus_tau: R̂=1.0452, n_eff=201
2026-07-30 21:15:25,872 - INFO -   cs_1: R̂=1.0139, n_eff=197
2026-07-30 21:15:25,872 - INFO -   cs_2: R̂=1.0188, n_eff=213
2026-07-30 21:15:25,872 - INFO -   cs_3: R̂=1.0480, n_eff=128
2026-07-30 21:15:25,872 - INFO -   picard_offset: R̂=1.0215, n_eff=193
2026-07-30 21:15:25,873 - INFO - ╔══════════════════════════════════════════════════════════════╗
║               MCMC Convergence Diagnostics                  ║
╠══════════════════════════════════════════════════════════════╣
║ ✅ t2_modulus_tau     R̂=1.0452  n_eff=    201  τ_int=  42.5  Geweke_z= +8.55 ║
║ ✅ cs_1               R̂=1.0139  n_eff=    197  τ_int=  37.3  Geweke_z= +4.59 ║
║ ✅ cs_2               R̂=1.0188  n_eff=    213  τ_int=  32.3  Geweke_z= +2.49 ║
║ ✅ cs_3               R̂=1.0480  n_eff=    128  τ_int=  76.8  Geweke_z= +6.07 ║
║ ✅ picard_offset      R̂=1.0215  n_eff=    193  τ_int=  34.3  Geweke_z= +4.47 ║
╠══════════════════════════════════════════════════════════════╣
║ Overall: ✅ CONVERGED                                        ║
╚══════════════════════════════════════════════════════════════╝
2026-07-30 21:15:25,873 - INFO - ✅ Convergence achieved at iteration 1. Finalizing results.
2026-07-30 21:15:25,875 - INFO -   t2_modulus_tau: mean=0.58266 ± 0.28594  68% HPD=[0.29197, 0.73524]  95% HPD=[0.08909, 1.28971]
2026-07-30 21:15:25,876 - INFO -   cs_1: mean=0.09324 ± 1.79069  68% HPD=[-1.12924, 2.94353]  95% HPD=[-2.57658, 2.98497]
2026-07-30 21:15:25,877 - INFO -   cs_2: mean=0.21296 ± 1.71737  68% HPD=[-0.99253, 2.78945]  95% HPD=[-2.54713, 2.88172]
2026-07-30 21:15:25,879 - INFO -   cs_3: mean=0.31708 ± 1.79173  68% HPD=[-0.80777, 2.99886]  95% HPD=[-2.62556, 2.99886]
2026-07-30 21:15:25,880 - INFO -   picard_offset: mean=0.53392 ± 1.43322  68% HPD=[-1.29140, 1.76224]  95% HPD=[-1.45503, 2.99015]
2026-07-30 21:15:25,882 - INFO - Posterior summary saved to outputs/mcmc/posterior_s18.json
2026-07-30 21:15:25,883 - INFO -   Cooper_s18: log Z = 14.12, best χ² = -32.7874
2026-07-30 21:15:25,884 - INFO - 
============================================================
2026-07-30 21:15:25,884 - INFO -   Running MCMC for: Apery_a (P=14, λ₁=11.089)
2026-07-30 21:15:25,884 - INFO - ============================================================
2026-07-30 21:15:25,885 - INFO -   Seeding proposal with Phase 7 empirical covariance (Directive 8-1)
2026-07-30 21:15:25,885 - INFO - ═══════════════════════════════════════════════════════
  Multi-Node MCMC Coordinator
  Candidate:    apery_a_deterministic
  Chains:       4
  Steps/chain:  8000
  Burn-in:      1500
  Thin factor:  4
  R̂ threshold:  1.1
  Workers:      1
═══════════════════════════════════════════════════════
2026-07-30 21:15:25,885 - INFO - ━━━ Convergence Iteration 1/3 ━━━
2026-07-30 21:15:25,894 - INFO - Chain 0: Starting 8000 steps (burn-in=1500, thin=4)
2026-07-30 21:15:30,663 - INFO - Chain 0: Step 800/8000 | acceptance=0.235 | log_post=11.9111
2026-07-30 21:15:34,599 - INFO - Chain 0: Step 1600/8000 | acceptance=0.152 | log_post=4.1130
2026-07-30 21:15:38,314 - INFO - Chain 0: Step 2400/8000 | acceptance=0.129 | log_post=11.6515
2026-07-30 21:15:42,335 - INFO - Chain 0: Step 3200/8000 | acceptance=0.107 | log_post=12.3517
2026-07-30 21:15:46,846 - INFO - Chain 0: Step 4000/8000 | acceptance=0.095 | log_post=10.4817
2026-07-30 21:15:50,692 - INFO - Chain 0: Step 4800/8000 | acceptance=0.089 | log_post=11.4078
2026-07-30 21:15:55,216 - INFO - Chain 0: Step 5600/8000 | acceptance=0.082 | log_post=11.7478
2026-07-30 21:15:58,630 - INFO - Chain 0: Step 6400/8000 | acceptance=0.079 | log_post=8.6788
2026-07-30 21:16:02,724 - INFO - Chain 0: Step 7200/8000 | acceptance=0.082 | log_post=6.6528
2026-07-30 21:16:06,557 - INFO - Chain 0: Step 8000/8000 | acceptance=0.081 | log_post=8.9888
2026-07-30 21:16:06,558 - INFO - Chain 0: Complete. Acceptance=0.081, Kept 1625 samples
2026-07-30 21:16:06,565 - INFO - Chain 1: Starting 8000 steps (burn-in=1500, thin=4)
2026-07-30 21:16:10,862 - INFO - Chain 1: Step 800/8000 | acceptance=0.206 | log_post=8.8633
2026-07-30 21:16:14,342 - INFO - Chain 1: Step 1600/8000 | acceptance=0.116 | log_post=8.4862
2026-07-30 21:16:18,134 - INFO - Chain 1: Step 2400/8000 | acceptance=0.090 | log_post=10.5275
2026-07-30 21:16:21,713 - INFO - Chain 1: Step 3200/8000 | acceptance=0.077 | log_post=10.7473
2026-07-30 21:16:24,612 - INFO - Chain 1: Step 4000/8000 | acceptance=0.067 | log_post=9.0731
2026-07-30 21:16:27,828 - INFO - Chain 1: Step 4800/8000 | acceptance=0.062 | log_post=8.9527
2026-07-30 21:16:31,373 - INFO - Chain 1: Step 5600/8000 | acceptance=0.056 | log_post=10.9968
2026-07-30 21:16:35,596 - INFO - Chain 1: Step 6400/8000 | acceptance=0.052 | log_post=11.6668
2026-07-30 21:16:39,156 - INFO - Chain 1: Step 7200/8000 | acceptance=0.049 | log_post=10.2504
2026-07-30 21:16:43,353 - INFO - Chain 1: Step 8000/8000 | acceptance=0.047 | log_post=11.4048
2026-07-30 21:16:43,354 - INFO - Chain 1: Complete. Acceptance=0.047, Kept 1625 samples
2026-07-30 21:16:43,364 - INFO - Chain 2: Starting 8000 steps (burn-in=1500, thin=4)
2026-07-30 21:16:50,381 - INFO - Chain 2: Step 800/8000 | acceptance=0.297 | log_post=11.5013
2026-07-30 21:16:54,987 - INFO - Chain 2: Step 1600/8000 | acceptance=0.156 | log_post=12.0126
2026-07-30 21:16:58,780 - INFO - Chain 2: Step 2400/8000 | acceptance=0.117 | log_post=11.5816
2026-07-30 21:17:02,745 - INFO - Chain 2: Step 3200/8000 | acceptance=0.094 | log_post=12.2091
2026-07-30 21:17:07,142 - INFO - Chain 2: Step 4000/8000 | acceptance=0.079 | log_post=10.8878
2026-07-30 21:17:11,690 - INFO - Chain 2: Step 4800/8000 | acceptance=0.069 | log_post=10.2456
2026-07-30 21:17:15,640 - INFO - Chain 2: Step 5600/8000 | acceptance=0.064 | log_post=12.2805
2026-07-30 21:17:19,086 - INFO - Chain 2: Step 6400/8000 | acceptance=0.059 | log_post=11.8390
2026-07-30 21:17:22,797 - INFO - Chain 2: Step 7200/8000 | acceptance=0.057 | log_post=12.3384
2026-07-30 21:17:26,275 - INFO - Chain 2: Step 8000/8000 | acceptance=0.054 | log_post=8.4947
2026-07-30 21:17:26,276 - INFO - Chain 2: Complete. Acceptance=0.054, Kept 1625 samples
2026-07-30 21:17:26,284 - INFO - Chain 3: Starting 8000 steps (burn-in=1500, thin=4)
2026-07-30 21:17:31,430 - INFO - Chain 3: Step 800/8000 | acceptance=0.279 | log_post=9.0567
2026-07-30 21:17:35,522 - INFO - Chain 3: Step 1600/8000 | acceptance=0.181 | log_post=11.8207
2026-07-30 21:17:39,673 - INFO - Chain 3: Step 2400/8000 | acceptance=0.142 | log_post=9.8458
2026-07-30 21:17:43,919 - INFO - Chain 3: Step 3200/8000 | acceptance=0.127 | log_post=8.8750
2026-07-30 21:17:48,455 - INFO - Chain 3: Step 4000/8000 | acceptance=0.116 | log_post=12.3217
2026-07-30 21:17:53,128 - INFO - Chain 3: Step 4800/8000 | acceptance=0.108 | log_post=11.8905
2026-07-30 21:17:57,796 - INFO - Chain 3: Step 5600/8000 | acceptance=0.105 | log_post=11.9844
2026-07-30 21:18:01,885 - INFO - Chain 3: Step 6400/8000 | acceptance=0.103 | log_post=12.1824
2026-07-30 21:18:06,194 - INFO - Chain 3: Step 7200/8000 | acceptance=0.101 | log_post=8.9528
2026-07-30 21:18:10,366 - INFO - Chain 3: Step 8000/8000 | acceptance=0.099 | log_post=8.3660
2026-07-30 21:18:10,367 - INFO - Chain 3: Complete. Acceptance=0.099, Kept 1625 samples
2026-07-30 21:18:10,383 - INFO - Saved 4 chain checkpoints to outputs/mcmc/chains_apery_a (iteration 1)
2026-07-30 21:18:10,383 - INFO - Running convergence diagnostics on 4 chains...
2026-07-30 21:18:10,414 - INFO - Convergence: ❌ FAILED
2026-07-30 21:18:10,415 - INFO -   t2_modulus_tau: R̂=1.0484, n_eff=213
2026-07-30 21:18:10,415 - INFO -   cs_1: R̂=1.0222, n_eff=221
2026-07-30 21:18:10,415 - INFO -   cs_2: R̂=1.1189, n_eff=245
2026-07-30 21:18:10,415 - INFO -   cs_3: R̂=1.0199, n_eff=227
2026-07-30 21:18:10,416 - INFO -   picard_offset: R̂=1.0080, n_eff=338
2026-07-30 21:18:10,416 - INFO - ╔══════════════════════════════════════════════════════════════╗
║               MCMC Convergence Diagnostics                  ║
╠══════════════════════════════════════════════════════════════╣
║ ✅ t2_modulus_tau     R̂=1.0484  n_eff=    213  τ_int=  39.6  Geweke_z= +4.98 ║
║ ✅ cs_1               R̂=1.0222  n_eff=    221  τ_int=  43.4  Geweke_z= +8.08 ║
║ ❌ cs_2               R̂=1.1189  n_eff=    245  τ_int=  36.9  Geweke_z= +7.81 ║
║ ✅ cs_3               R̂=1.0199  n_eff=    227  τ_int=  32.3  Geweke_z= +9.54 ║
║ ✅ picard_offset      R̂=1.0080  n_eff=    338  τ_int=  17.3  Geweke_z= +2.16 ║
╠══════════════════════════════════════════════════════════════╣
║ Overall: ❌ NOT CONVERGED                                    ║
╚══════════════════════════════════════════════════════════════╝
2026-07-30 21:18:10,416 - WARNING - ❌ R̂ not converged at iteration 1. Extending chain length by 50%.
2026-07-30 21:18:10,416 - INFO - ━━━ Convergence Iteration 2/3 ━━━
2026-07-30 21:18:10,424 - INFO - Chain 0: Starting 12000 steps (burn-in=2250, thin=4)
2026-07-30 21:18:17,600 - INFO - Chain 0: Step 1200/12000 | acceptance=0.161 | log_post=12.3219
2026-07-30 21:18:23,990 - INFO - Chain 0: Step 2400/12000 | acceptance=0.120 | log_post=10.8832
2026-07-30 21:18:31,091 - INFO - Chain 0: Step 3600/12000 | acceptance=0.107 | log_post=12.3925
2026-07-30 21:18:37,972 - INFO - Chain 0: Step 4800/12000 | acceptance=0.100 | log_post=11.8881
2026-07-30 21:18:45,210 - INFO - Chain 0: Step 6000/12000 | acceptance=0.094 | log_post=10.9305
2026-07-30 21:18:52,431 - INFO - Chain 0: Step 7200/12000 | acceptance=0.090 | log_post=12.0537
2026-07-30 21:18:59,260 - INFO - Chain 0: Step 8400/12000 | acceptance=0.089 | log_post=12.4507
2026-07-30 21:19:05,745 - INFO - Chain 0: Step 9600/12000 | acceptance=0.086 | log_post=11.5912
2026-07-30 21:19:11,439 - INFO - Chain 0: Step 10800/12000 | acceptance=0.085 | log_post=11.6099
2026-07-30 21:19:18,430 - INFO - Chain 0: Step 12000/12000 | acceptance=0.082 | log_post=10.4942
2026-07-30 21:19:18,430 - INFO - Chain 0: Complete. Acceptance=0.082, Kept 2438 samples
2026-07-30 21:19:18,439 - INFO - Chain 1: Starting 12000 steps (burn-in=2250, thin=4)
2026-07-30 21:19:26,427 - INFO - Chain 1: Step 1200/12000 | acceptance=0.252 | log_post=12.3925
2026-07-30 21:19:33,244 - INFO - Chain 1: Step 2400/12000 | acceptance=0.157 | log_post=11.0044
2026-07-30 21:19:40,351 - INFO - Chain 1: Step 3600/12000 | acceptance=0.132 | log_post=12.3915
2026-07-30 21:19:46,809 - INFO - Chain 1: Step 4800/12000 | acceptance=0.124 | log_post=9.5743
2026-07-30 21:19:52,478 - INFO - Chain 1: Step 6000/12000 | acceptance=0.115 | log_post=12.2717
2026-07-30 21:19:58,827 - INFO - Chain 1: Step 7200/12000 | acceptance=0.103 | log_post=12.4381
2026-07-30 21:20:05,077 - INFO - Chain 1: Step 8400/12000 | acceptance=0.100 | log_post=8.5758
2026-07-30 21:20:11,184 - INFO - Chain 1: Step 9600/12000 | acceptance=0.095 | log_post=11.9689
2026-07-30 21:20:17,432 - INFO - Chain 1: Step 10800/12000 | acceptance=0.094 | log_post=12.4160
2026-07-30 21:20:23,816 - INFO - Chain 1: Step 12000/12000 | acceptance=0.090 | log_post=11.1661
2026-07-30 21:20:23,816 - INFO - Chain 1: Complete. Acceptance=0.090, Kept 2438 samples
2026-07-30 21:20:23,828 - INFO - Chain 2: Starting 12000 steps (burn-in=2250, thin=4)
2026-07-30 21:20:29,745 - INFO - Chain 2: Step 1200/12000 | acceptance=0.179 | log_post=11.3393
2026-07-30 21:20:35,428 - INFO - Chain 2: Step 2400/12000 | acceptance=0.114 | log_post=12.4314
2026-07-30 21:20:40,926 - INFO - Chain 2: Step 3600/12000 | acceptance=0.094 | log_post=11.7551
2026-07-30 21:20:46,209 - INFO - Chain 2: Step 4800/12000 | acceptance=0.083 | log_post=11.4917
2026-07-30 21:20:52,292 - INFO - Chain 2: Step 6000/12000 | acceptance=0.076 | log_post=9.3714
2026-07-30 21:20:57,953 - INFO - Chain 2: Step 7200/12000 | acceptance=0.074 | log_post=8.6517
2026-07-30 21:21:03,959 - INFO - Chain 2: Step 8400/12000 | acceptance=0.072 | log_post=10.5835
2026-07-30 21:21:09,717 - INFO - Chain 2: Step 9600/12000 | acceptance=0.070 | log_post=11.0415
2026-07-30 21:21:15,569 - INFO - Chain 2: Step 10800/12000 | acceptance=0.070 | log_post=9.7244
2026-07-30 21:21:21,862 - INFO - Chain 2: Step 12000/12000 | acceptance=0.068 | log_post=12.0512
2026-07-30 21:21:21,862 - INFO - Chain 2: Complete. Acceptance=0.068, Kept 2438 samples
2026-07-30 21:21:21,872 - INFO - Chain 3: Starting 12000 steps (burn-in=2250, thin=4)
2026-07-30 21:21:28,599 - INFO - Chain 3: Step 1200/12000 | acceptance=0.182 | log_post=12.4037
2026-07-30 21:21:34,437 - INFO - Chain 3: Step 2400/12000 | acceptance=0.140 | log_post=11.1246
2026-07-30 21:21:40,438 - INFO - Chain 3: Step 3600/12000 | acceptance=0.111 | log_post=11.4411
2026-07-30 21:21:47,016 - INFO - Chain 3: Step 4800/12000 | acceptance=0.096 | log_post=10.6701
2026-07-30 21:21:54,783 - INFO - Chain 3: Step 6000/12000 | acceptance=0.091 | log_post=10.6365
2026-07-30 21:22:01,545 - INFO - Chain 3: Step 7200/12000 | acceptance=0.087 | log_post=12.0686
2026-07-30 21:22:08,024 - INFO - Chain 3: Step 8400/12000 | acceptance=0.084 | log_post=11.3723
2026-07-30 21:22:13,828 - INFO - Chain 3: Step 9600/12000 | acceptance=0.083 | log_post=9.7834
2026-07-30 21:22:19,331 - INFO - Chain 3: Step 10800/12000 | acceptance=0.082 | log_post=12.0632
2026-07-30 21:22:26,014 - INFO - Chain 3: Step 12000/12000 | acceptance=0.079 | log_post=8.7876
2026-07-30 21:22:26,015 - INFO - Chain 3: Complete. Acceptance=0.079, Kept 2438 samples
2026-07-30 21:22:26,036 - INFO - Saved 4 chain checkpoints to outputs/mcmc/chains_apery_a (iteration 2)
2026-07-30 21:22:26,036 - INFO - Running convergence diagnostics on 4 chains...
2026-07-30 21:22:26,088 - INFO - Convergence: ✅ PASSED
2026-07-30 21:22:26,089 - INFO -   t2_modulus_tau: R̂=1.0090, n_eff=364
2026-07-30 21:22:26,089 - INFO -   cs_1: R̂=1.0033, n_eff=463
2026-07-30 21:22:26,089 - INFO -   cs_2: R̂=1.0166, n_eff=326
2026-07-30 21:22:26,089 - INFO -   cs_3: R̂=1.0219, n_eff=374
2026-07-30 21:22:26,090 - INFO -   picard_offset: R̂=1.0042, n_eff=669
2026-07-30 21:22:26,090 - INFO - ╔══════════════════════════════════════════════════════════════╗
║               MCMC Convergence Diagnostics                  ║
╠══════════════════════════════════════════════════════════════╣
║ ✅ t2_modulus_tau     R̂=1.0090  n_eff=    364  τ_int=  27.7  Geweke_z= +2.07 ║
║ ✅ cs_1               R̂=1.0033  n_eff=    463  τ_int=  21.4  Geweke_z= +3.77 ║
║ ✅ cs_2               R̂=1.0166  n_eff=    326  τ_int=  41.2  Geweke_z= +8.20 ║
║ ✅ cs_3               R̂=1.0219  n_eff=    374  τ_int=  23.9  Geweke_z= +5.05 ║
║ ✅ picard_offset      R̂=1.0042  n_eff=    669  τ_int=  21.2  Geweke_z= +3.89 ║
╠══════════════════════════════════════════════════════════════╣
║ Overall: ✅ CONVERGED                                        ║
╚══════════════════════════════════════════════════════════════╝
2026-07-30 21:22:26,090 - INFO - ✅ Convergence achieved at iteration 2. Finalizing results.
2026-07-30 21:22:26,092 - INFO -   t2_modulus_tau: mean=0.57936 ± 0.26354  68% HPD=[0.29487, 0.67413]  95% HPD=[0.19579, 1.25334]
2026-07-30 21:22:26,095 - INFO -   cs_1: mean=-0.04895 ± 0.97318  68% HPD=[-0.99431, 0.99483]  95% HPD=[-1.88122, 1.77936]
2026-07-30 21:22:26,098 - INFO -   cs_2: mean=0.06846 ± 0.98793  68% HPD=[-1.06660, 0.98840]  95% HPD=[-1.83211, 1.84192]
2026-07-30 21:22:26,100 - INFO -   cs_3: mean=0.00869 ± 1.04209  68% HPD=[-0.97399, 1.20149]  95% HPD=[-1.96437, 1.92863]
2026-07-30 21:22:26,103 - INFO -   picard_offset: mean=2.75016 ± 0.16868  68% HPD=[2.67198, 2.99973]  95% HPD=[2.52058, 2.99915]
2026-07-30 21:22:26,106 - INFO - Posterior summary saved to outputs/mcmc/posterior_apery_a.json
2026-07-30 21:22:26,107 - INFO -   Apery_a: log Z = 9.20, best χ² = -24.9158
2026-07-30 21:22:26,109 - INFO - 
============================================================
2026-07-30 21:22:26,109 - INFO -   Running MCMC for: Almkvist_Zudilin_1 (P=18, λ₁=27.0)
2026-07-30 21:22:26,109 - INFO - ============================================================
2026-07-30 21:22:26,110 - INFO -   Seeding proposal with Phase 7 empirical covariance (Directive 8-1)
2026-07-30 21:22:26,110 - INFO - ═══════════════════════════════════════════════════════
  Multi-Node MCMC Coordinator
  Candidate:    almkvist_zudilin_1_deterministic
  Chains:       4
  Steps/chain:  8000
  Burn-in:      1500
  Thin factor:  4
  R̂ threshold:  1.1
  Workers:      1
═══════════════════════════════════════════════════════
2026-07-30 21:22:26,110 - INFO - ━━━ Convergence Iteration 1/3 ━━━
2026-07-30 21:22:26,120 - INFO - Chain 0: Starting 8000 steps (burn-in=1500, thin=4)
2026-07-30 21:22:30,718 - INFO - Chain 0: Step 800/8000 | acceptance=0.324 | log_post=15.2076
2026-07-30 21:22:33,775 - INFO - Chain 0: Step 1600/8000 | acceptance=0.197 | log_post=13.7369
2026-07-30 21:22:35,754 - INFO - Chain 0: Step 2400/8000 | acceptance=0.142 | log_post=16.2486
2026-07-30 21:22:38,074 - INFO - Chain 0: Step 3200/8000 | acceptance=0.117 | log_post=15.6986
2026-07-30 21:22:40,142 - INFO - Chain 0: Step 4000/8000 | acceptance=0.100 | log_post=15.8300
2026-07-30 21:22:42,156 - INFO - Chain 0: Step 4800/8000 | acceptance=0.090 | log_post=15.9168
2026-07-30 21:22:44,515 - INFO - Chain 0: Step 5600/8000 | acceptance=0.086 | log_post=15.5845
2026-07-30 21:22:46,424 - INFO - Chain 0: Step 6400/8000 | acceptance=0.077 | log_post=16.3304
2026-07-30 21:22:48,951 - INFO - Chain 0: Step 7200/8000 | acceptance=0.073 | log_post=13.8561
2026-07-30 21:22:51,115 - INFO - Chain 0: Step 8000/8000 | acceptance=0.070 | log_post=11.3016
2026-07-30 21:22:51,116 - INFO - Chain 0: Complete. Acceptance=0.070, Kept 1625 samples
2026-07-30 21:22:51,123 - INFO - Chain 1: Starting 8000 steps (burn-in=1500, thin=4)
2026-07-30 21:22:54,855 - INFO - Chain 1: Step 800/8000 | acceptance=0.299 | log_post=16.3585
2026-07-30 21:22:57,782 - INFO - Chain 1: Step 1600/8000 | acceptance=0.195 | log_post=11.5683
2026-07-30 21:23:00,337 - INFO - Chain 1: Step 2400/8000 | acceptance=0.146 | log_post=16.2575
2026-07-30 21:23:02,900 - INFO - Chain 1: Step 3200/8000 | acceptance=0.119 | log_post=16.1110
2026-07-30 21:23:05,055 - INFO - Chain 1: Step 4000/8000 | acceptance=0.107 | log_post=16.0242
2026-07-30 21:23:07,447 - INFO - Chain 1: Step 4800/8000 | acceptance=0.098 | log_post=13.3267
2026-07-30 21:23:09,564 - INFO - Chain 1: Step 5600/8000 | acceptance=0.092 | log_post=16.0707
2026-07-30 21:23:11,875 - INFO - Chain 1: Step 6400/8000 | acceptance=0.086 | log_post=15.8361
2026-07-30 21:23:14,369 - INFO - Chain 1: Step 7200/8000 | acceptance=0.083 | log_post=12.0833
2026-07-30 21:23:16,471 - INFO - Chain 1: Step 8000/8000 | acceptance=0.080 | log_post=15.1498
2026-07-30 21:23:16,471 - INFO - Chain 1: Complete. Acceptance=0.080, Kept 1625 samples
2026-07-30 21:23:16,479 - INFO - Chain 2: Starting 8000 steps (burn-in=1500, thin=4)
2026-07-30 21:23:20,341 - INFO - Chain 2: Step 800/8000 | acceptance=0.366 | log_post=13.7535
2026-07-30 21:23:23,455 - INFO - Chain 2: Step 1600/8000 | acceptance=0.224 | log_post=14.8189
2026-07-30 21:23:25,957 - INFO - Chain 2: Step 2400/8000 | acceptance=0.166 | log_post=15.5199
2026-07-30 21:23:28,264 - INFO - Chain 2: Step 3200/8000 | acceptance=0.136 | log_post=12.2648
2026-07-30 21:23:30,134 - INFO - Chain 2: Step 4000/8000 | acceptance=0.114 | log_post=15.4524
2026-07-30 21:23:32,491 - INFO - Chain 2: Step 4800/8000 | acceptance=0.101 | log_post=15.4971
2026-07-30 21:23:34,668 - INFO - Chain 2: Step 5600/8000 | acceptance=0.094 | log_post=15.5367
2026-07-30 21:23:36,646 - INFO - Chain 2: Step 6400/8000 | acceptance=0.087 | log_post=15.5402
2026-07-30 21:23:38,930 - INFO - Chain 2: Step 7200/8000 | acceptance=0.082 | log_post=16.2183
2026-07-30 21:23:41,461 - INFO - Chain 2: Step 8000/8000 | acceptance=0.079 | log_post=15.0801
2026-07-30 21:23:41,462 - INFO - Chain 2: Complete. Acceptance=0.079, Kept 1625 samples
2026-07-30 21:23:41,470 - INFO - Chain 3: Starting 8000 steps (burn-in=1500, thin=4)
2026-07-30 21:23:46,146 - INFO - Chain 3: Step 800/8000 | acceptance=0.329 | log_post=13.9726
2026-07-30 21:23:49,226 - INFO - Chain 3: Step 1600/8000 | acceptance=0.219 | log_post=14.9649
2026-07-30 21:23:52,036 - INFO - Chain 3: Step 2400/8000 | acceptance=0.169 | log_post=15.9370
2026-07-30 21:23:54,976 - INFO - Chain 3: Step 3200/8000 | acceptance=0.144 | log_post=15.4622
2026-07-30 21:23:57,389 - INFO - Chain 3: Step 4000/8000 | acceptance=0.127 | log_post=16.1477
2026-07-30 21:23:59,664 - INFO - Chain 3: Step 4800/8000 | acceptance=0.115 | log_post=15.8519
2026-07-30 21:24:02,085 - INFO - Chain 3: Step 5600/8000 | acceptance=0.106 | log_post=14.1740
2026-07-30 21:24:03,972 - INFO - Chain 3: Step 6400/8000 | acceptance=0.097 | log_post=16.1180
2026-07-30 21:24:06,420 - INFO - Chain 3: Step 7200/8000 | acceptance=0.093 | log_post=14.6241
2026-07-30 21:24:08,770 - INFO - Chain 3: Step 8000/8000 | acceptance=0.090 | log_post=15.8822
2026-07-30 21:24:08,770 - INFO - Chain 3: Complete. Acceptance=0.090, Kept 1625 samples
2026-07-30 21:24:08,785 - INFO - Saved 4 chain checkpoints to outputs/mcmc/chains_az1 (iteration 1)
2026-07-30 21:24:08,786 - INFO - Running convergence diagnostics on 4 chains...
2026-07-30 21:24:08,818 - INFO - Convergence: ✅ PASSED
2026-07-30 21:24:08,819 - INFO -   t2_modulus_tau: R̂=1.0172, n_eff=189
2026-07-30 21:24:08,819 - INFO -   cs_1: R̂=1.0233, n_eff=234
2026-07-30 21:24:08,819 - INFO -   cs_2: R̂=1.0350, n_eff=163
2026-07-30 21:24:08,819 - INFO -   cs_3: R̂=1.0168, n_eff=169
2026-07-30 21:24:08,819 - INFO -   picard_offset: R̂=1.0167, n_eff=273
2026-07-30 21:24:08,819 - INFO - ╔══════════════════════════════════════════════════════════════╗
║               MCMC Convergence Diagnostics                  ║
╠══════════════════════════════════════════════════════════════╣
║ ✅ t2_modulus_tau     R̂=1.0172  n_eff=    189  τ_int=  34.1  Geweke_z= +5.22 ║
║ ✅ cs_1               R̂=1.0233  n_eff=    234  τ_int=  29.2  Geweke_z= +5.97 ║
║ ✅ cs_2               R̂=1.0350  n_eff=    163  τ_int=  35.8  Geweke_z=+11.20 ║
║ ✅ cs_3               R̂=1.0168  n_eff=    169  τ_int=  38.3  Geweke_z= +9.48 ║
║ ✅ picard_offset      R̂=1.0167  n_eff=    273  τ_int=  23.3  Geweke_z= +6.55 ║
╠══════════════════════════════════════════════════════════════╣
║ Overall: ✅ CONVERGED                                        ║
╚══════════════════════════════════════════════════════════════╝
2026-07-30 21:24:08,820 - INFO - ✅ Convergence achieved at iteration 1. Finalizing results.
2026-07-30 21:24:08,821 - INFO -   t2_modulus_tau: mean=0.57840 ± 0.28035  68% HPD=[0.30494, 0.74425]  95% HPD=[0.12553, 1.28236]
2026-07-30 21:24:08,822 - INFO -   cs_1: mean=0.00847 ± 1.72780  68% HPD=[-1.39015, 2.55286]  95% HPD=[-2.60050, 2.96175]
2026-07-30 21:24:08,823 - INFO -   cs_2: mean=0.18786 ± 1.68145  68% HPD=[-1.30807, 2.50196]  95% HPD=[-2.52165, 2.98510]
2026-07-30 21:24:08,824 - INFO -   cs_3: mean=-0.08836 ± 1.68155  68% HPD=[-2.50344, 1.27984]  95% HPD=[-2.68012, 2.85560]
2026-07-30 21:24:08,825 - INFO -   picard_offset: mean=1.49944 ± 0.84389  68% HPD=[0.50352, 2.26956]  95% HPD=[0.10362, 2.99055]
2026-07-30 21:24:08,829 - INFO - Posterior summary saved to outputs/mcmc/posterior_az1.json
2026-07-30 21:24:08,830 - INFO -   Almkvist_Zudilin_1: log Z = 13.93, best χ² = -32.7912
2026-07-30 21:24:08,831 - INFO - 
======================================================================
2026-07-30 21:24:08,831 - INFO -   BAYESIAN MODEL COMPARISON RESULTS
2026-07-30 21:24:08,831 - INFO - ======================================================================
2026-07-30 21:24:08,831 - INFO - Surface                   |   P |     λ₁ |    log Z |   ln B₁₀ | Verdict
2026-07-30 21:24:08,832 - INFO - ----------------------------------------------------------------------
2026-07-30 21:24:08,832 - INFO -   Cooper_s10              |  19 |    3.0 |    14.58 |    +0.00 | REFERENCE
2026-07-30 21:24:08,832 - INFO -   Cooper_s7               |  16 |   16.0 |    10.36 |    -4.22 | Disfavored
2026-07-30 21:24:08,832 - INFO -   Cooper_s18              |  20 |   54.0 |    14.12 |    -0.46 | Inconclusive
2026-07-30 21:24:08,832 - INFO -   Apery_a                 |  14 |   11.1 |     9.20 |    -5.39 | Disfavored
2026-07-30 21:24:08,832 - INFO -   Almkvist_Zudilin_1      |  18 |   27.0 |    13.93 |    -0.65 | Inconclusive
2026-07-30 21:24:08,833 - INFO - ======================================================================
2026-07-30 21:24:08,834 - INFO - Full comparison saved to outputs/mcmc/bayesian_model_comparison.json
2026-07-30 21:24:13,616 - INFO - Phase 8 complete. Results archived to GCS.
